# Репозиторий для работы находится в директории code-user. Перейти в нее нужно в терминале.
# Найдите в истории коммит с комментарием "add note about installing git on linux" и удалите все коммиты, 
# которые идут после него. Так вы откатите состояние репозитория до этого коммита

cd code-user # переходим в директорию code-user
code-user$ git log --all --grep='add note about installing git on linux' # ищем коммит по коментарию
commit 548ac6a5fdf94df59a3a7516cb5b802e3e4d34da
Author: Student <support@hexlet.io>
Date:   Fri Jan 22 10:23:40 2021 +0700

    add note about installing git on linux
code-user$ git reset --hard 548ac6a # удаляем все коммиты до нужного
HEAD is now at 548ac6a add note about installing git on linux
code-user$ git log --oneline # смотрим что осталось в истории
548ac6a (HEAD -> main) add note about installing git on linux
4d0e1d2 add git notes file
3193c48 add README.md
